Importing hexagon based on v3.2-rc2
Unchanged quilt series hexagon
Importing i2c based on 02550d61f49266930e674286379d3601006b2893
$ git clone -s -l -n -q . ../quilt-tmp
$ cd ../quilt-tmp
$ git reset --hard 02550d61f49266930e674286379d3601006b2893
HEAD is now at 02550d6 Merge tag 'devicetree-for-linus' of git://git.secretlab.ca/git/linux-2.6
$ git am ../quilt/i2c/i2c-busses-fix-error-paths.patch
Applying: i2c: Fix error value returned by several bus drivers
$ git am ../quilt/i2c/i2c-ali1535-enable-sparc-support.patch
Applying: i2c-ali1535: enable SPARC support
$ git am ../quilt/i2c/i2c-convert-to-define_pci_device_table.patch
Applying: i2c: Convert to DEFINE_PCI_DEVICE_TABLE
$ git am ../quilt/i2c/i2c-dev-use-memdup_user.patch
Applying: i2c-dev: Use memdup_user
$ git am ../quilt/i2c/i2c-convert-bus-drivers-to-use-module_platform_driver.patch
Applying: i2c/busses: Use module_platform_driver()
$ git am ../quilt/i2c/i2c-convert-gpio-i2cmux-to-use-module_platform_driver.patch
Applying: i2c/gpio-i2cmux: Convert to use module_platform_driver()
$ git am ../quilt/i2c/maintainers-i2c-add-third-maintainer.patch
Applying: MAINTAINERS: i2c: Add third maintainer
$ cd ../next
$ git fetch -f ../quilt-tmp master:quilt/i2c
From ../quilt-tmp
 + 9b0c617...07b2df5 master     -> quilt/i2c  (forced update)
Importing jdelvare-hwmon based on 3.2-rc5
Unchanged quilt series jdelvare-hwmon
Importing kernel-doc based on 3.2-rc7
Unchanged quilt series kernel-doc
Importing rr based on v3.2-rc6-38-g390f998
$ cd ../quilt-tmp
$ git reset --hard 390f998509bf049019df0b078c0a6606e0d57fb4
HEAD is now at 390f998 Merge git://git.kernel.org/pub/scm/linux/kernel/git/jejb/scsi-rc-fixes-2.6
$ git am ../quilt/rr/harsher-barriers.patch
Applying: virtio: harsher barriers for rpmsg.
$ git am ../quilt/rr/virtio:balloon_trivial_cleanups.patch
Applying: virtio-balloon: Trivial cleanups
$ git am ../quilt/rr/virtio-documentation.patch
Applying: virtio: document functions better.
$ git am ../quilt/rr/virtio-virtqueue_add_buf_gfp-rename.patch
Applying: virtio: rename virtqueue_add_buf_gfp to virtqueue_add_buf
$ git am ../quilt/rr/virtio:support_unlocked_queue_kick.patch
Applying: virtio: support unlocked queue kick
$ git am ../quilt/rr/virtio_ring-avoid-modulus.patch
Applying: virtio: avoid modulus operation.
$ git am ../quilt/rr/virtio-add-should-expose.patch
Applying: virtio: expose added descriptors immediately.
$ git am ../quilt/rr/virtio-debug-missing-kick.patch
Applying: virtio: add debugging if driver doesn't kick.
$ git am ../quilt/rr/virtio:blk_fix_config_handler_race.patch
Applying: virtio_blk: fix config handler race
$ git am ../quilt/rr/virtio_net-fix-fill-after-ndo-close.patch
Applying: virtio_net: set/cancel work on ndo_open/ndo_stop
$ git am ../quilt/rr/fix-refill-workqueue-parallel.patch
Applying: virtio_net: use non-reentrant workqueue.
$ git am ../quilt/rr/virtio:pci_switch_to_new_pm_api.patch
Applying: virtio: pci: switch to new PM API
$ git am ../quilt/rr/virtio:pci_add_pm_notification_handlers_for_restore_freeze_thaw_poweroff.patch
Applying: virtio: pci: add PM notification handlers for restore, freeze, thaw, poweroff
$ git am ../quilt/rr/virtio:console_move_vq_and_vq_buf_removal_into_separate_functions.patch
Applying: virtio: console: Move vq and vq buf removal into separate functions
$ git am ../quilt/rr/virtio:console_add_freeze_and_restore_handlers_to_support_s4.patch
Applying: virtio: console: Add freeze and restore handlers to support S4
$ git am ../quilt/rr/virtio:console_disable_callbacks_for_virtqueues_at_start_of_s4_freeze.patch
Applying: virtio: console: Disable callbacks for virtqueues at start of S4 freeze
$ git am ../quilt/rr/virtio:blk_move_vq_initialization_to_separate_function.patch
Applying: virtio: blk: Move vq initialization to separate function
$ git am ../quilt/rr/virtio:blk_add_freeze_restore_handlers_to_support_s4.patch
Applying: virtio: blk: Add freeze, restore handlers to support S4
$ git am ../quilt/rr/virtio:net_move_vq_initialization_into_separate_function.patch
Applying: virtio: net: Move vq initialization into separate function
$ git am ../quilt/rr/virtio:net_move_vq_and_vq_buf_removal_into_separate_function.patch
Applying: virtio: net: Move vq and vq buf removal into separate function
$ git am ../quilt/rr/virtio:net_add_freeze_restore_handlers_to_support_s4.patch
Applying: virtio: net: Add freeze, restore handlers to support S4
$ git am ../quilt/rr/virtio:balloon_move_vq_initialization_into_separate_function.patch
Applying: virtio: balloon: Move vq initialization into separate function
$ git am ../quilt/rr/virtio:balloon_add_freeze_restore_handlers_to_support_s4.patch
Applying: virtio: balloon: Add freeze, restore handlers to support S4
$ git am ../quilt/rr/lguest:switched_segment_voodoo_numbers_to_readable_symbols.patch
Applying: lguest: switch segment-voodoo-numbers to readable symbols
$ git am ../quilt/rr/lguest:move_the_tool_to_the_tools_directory.patch
Applying: lguest: move the lguest tool to the tools directory
$ git am ../quilt/rr/lguest-move-fixup.patch
Applying: lguest: move the lguest tool to the tools directory (fixes)
$ git am ../quilt/rr/lguest:make_sure_the_interrupt_is_allocated_correctly_by.patch
Applying: lguest: Make sure the interrupt is allocated correctly by
$ git am ../quilt/rr/module:add_comments_describing_how_the_strmap_logic_works.patch
Applying: module: Add comments describing how the "strmap" logic works
$ git am ../quilt/rr/module:fix_performance_regression_on_s_with_large_symbol_tables.patch
Applying: module: Fix performance regression on modules with large symbol tables
$ git am ../quilt/rr/module:struct_ref_should_contains_long_fields.patch
Applying: module: struct module_ref should contains long fields
$ git am ../quilt/rr/module:kernel_replace_debugp_with_pr_debug.patch
Applying: module: replace DEBUGP with pr_debug
$ git am ../quilt/rr/param:kernel_replace_debugp_with_pr_debug.patch
Applying: kernel/params: replace DEBUGP with pr_debug
$ git am ../quilt/rr/modpost-table-driven-extraction.patch
Applying: modpost: use a table rather than a giant if/else statement.
$ git am ../quilt/rr/modpost-construct-table-with-macro.patch
Applying: modpost: use linker section to generate table.
$ git am ../quilt/rr/module-param-check-types-for-array.patch
Applying: module_param: check type correctness for module_param_array
$ git am ../quilt/rr/module-param-bool-not-really.patch
Applying: module_param: avoid bool abuse, add bint for special cases.
$ git am ../quilt/rr/lirc_parallel-fix-parmdesc.patch
Applying: lirc_parallel: fix module parameter description.
$ git am ../quilt/rr/printk-modparam-cleanup.patch
Applying: printk: fix unnecessary module_param_name.
$ git am ../quilt/rr/async-initcall-debug-decl-remove.patch
Applying: kernel/async: remove redundant declaration.
$ git am ../quilt/rr/module-param-bool-core.patch
Applying: module_param: make bool parameters really bool (core code)
$ git am ../quilt/rr/module-param-bool-arch.patch
Applying: module_param: make bool parameters really bool (arch)
$ git am ../quilt/rr/i810-param-fix.patch
Applying: i810: fix module_param bool abuse.
$ git am ../quilt/rr/module-param-bool-drivers.patch
Applying: module_param: make bool parameters really bool (drivers & misc)
$ git am ../quilt/rr/module-param-warn-if-not-bool.patch
Applying: module_param: check that bool parameters really are bool.
$ git am ../quilt/rr/module-param-pcd-fix.patch
Applying: paride/pcd: fix bool verbose module parameter.
$ git am ../quilt/rr/module-param-intelfbdrv-fix.patch
Applying: intelfbdrv.c: bailearly is an int module_param
$ cd ../next
$ git fetch -f ../quilt-tmp master:quilt/rr
From ../quilt-tmp
 + 9c1ae5b...f723d75 master     -> quilt/rr  (forced update)
Importing device-mapper based on v3.2-rc6-182-gecefc36
Unchanged quilt series device-mapper
