Importing i2c based on 3.5-rc2
Unchanged quilt series i2c
Importing jdelvare-hwmon based on 3.5-rc2
Unchanged quilt series jdelvare-hwmon
Importing rr based on v3.5-rc1
Unchanged quilt series rr
Importing device-mapper based on v3.5-rc1
$ git clone -s -l -n -q . ../quilt-tmp
$ cd ../quilt-tmp
$ git reset --hard f8f5701bdaf9134b1f90e5044a82c66324d2073f
HEAD is now at f8f5701 Linux 3.5-rc1
$ git am ../quilt/device-mapper/dm-thin-clean-up-compiler-warning.patch
Applying: Clean up "warning: dubious: !x & y".  Also make it clear that
$ git am ../quilt/device-mapper/dm-thin-provide-specific-errors-for-two-table-load-failure-cases.patch
Applying: Provide specific error message strings for two pool_ctr() failure cases
$ git am ../quilt/device-mapper/dm-verity-fix-documentation.patch
Applying: Fix target line specification.
$ git am ../quilt/device-mapper/dm-support-non-power-of-two-target-max_io_len.patch
Applying: Remove the restriction that limits a target's specified maximum incoming
$ cd ../next
$ git fetch -f ../quilt-tmp master:quilt/device-mapper
From ../quilt-tmp
 + 3721bfd...fd3f53e master     -> quilt/device-mapper  (forced update)
