Importing i2c based on af3a3ab2966112c0d0a44df7eeb1e95fe32d4495
Unchanged quilt series i2c
Importing jdelvare-hwmon based on 437538267b672f9320833907f1b5acbb2605f4be
Unchanged quilt series jdelvare-hwmon
Importing rr based on v3.4-rc6-1-gfebb72a
$ git clone -s -l -n -q . ../quilt-tmp
$ cd ../quilt-tmp
$ git reset --hard febb72a6e4cc6c8cffcc1ea649a3fb364f1ea432
HEAD is now at febb72a IA32 emulation: Fix build problem for modular ia32 a.out support
$ git am ../quilt/rr/virtio-spec-update.patch
Applying: virtio: update documentation to v0.9.4 of spec
/home/sfr/kernels/next/quilt-tmp/.git/rebase-apply/patch:1171: new blank line at EOF.
+
warning: 1 line adds whitespace errors.
$ git am ../quilt/rr/misc:9p_disconnect_channel_when_pci_device_is_removed.patch
Applying: 9p: disconnect channel when PCI device is removed
$ git am ../quilt/rr/virtio:balloon_drop_restore_common.patch
Applying: virtio: balloon: drop restore_common()
$ git am ../quilt/rr/virtio:balloon_let_host_know_of_updated_balloon_size_before_module_removal.patch
Applying: virtio: balloon: let host know of updated balloon size before module removal
$ git am ../quilt/rr/virtio:balloon_separate_out_common_code_between_remove_and_freeze_functions.patch
Applying: virtio: balloon: separate out common code between remove and freeze functions
$ git am ../quilt/rr/virtio:use_ida_to_allocate_index.patch
Applying: virtio: Use ida to allocate virtio index
$ git am ../quilt/rr/virtio:blk_fix_hot_unplug_race_in_remove_method.patch
Applying: virtio-blk: Fix hot-unplug race in remove method
$ git am ../quilt/rr/virtio:blk_drop_unused_request_tracking_list.patch
Applying: virtio_blk: Drop unused request tracking list
$ git am ../quilt/rr/virtio:console_tell_host_of_open_ports_after_resume_from_s3_s4.patch
Applying: virtio: console: tell host of open ports after resume from s3/s4
$ git am ../quilt/rr/virtio:mmio_devices_parameter_parsing.patch
Applying: virtio-mmio: Devices parameter parsing
$ git am ../quilt/rr/misc:modpost_stop_grab_file_from_leaking_filedescriptors_if_fstat_fails.patch
Applying: modpost: Stop grab_file() from leaking filedescriptors if fstat() fails
$ git am ../quilt/rr/misc:modpost_use_proper_kernel_style_for_autogenerated_files.patch
Applying: modpost: use proper kernel style for autogenerated files
$ cd ../next
$ git fetch -f ../quilt-tmp master:quilt/rr
From ../quilt-tmp
 + f20fa7b...dfc4771 master     -> quilt/rr  (forced update)
Importing device-mapper based on v3.4-rc6
Unchanged quilt series device-mapper
Importing i2c based on af3a3ab2966112c0d0a44df7eeb1e95fe32d4495
Unchanged quilt series i2c
Importing jdelvare-hwmon based on 437538267b672f9320833907f1b5acbb2605f4be
Unchanged quilt series jdelvare-hwmon
Importing rr based on v3.4-rc6-1-gfebb72a
$ git clone -s -l -n -q . ../quilt-tmp
$ cd ../quilt-tmp
$ git reset --hard febb72a6e4cc6c8cffcc1ea649a3fb364f1ea432
HEAD is now at febb72a IA32 emulation: Fix build problem for modular ia32 a.out support
$ git am ../quilt/rr/virtio-spec-update.patch
Applying: virtio: update documentation to v0.9.4 of spec
/home/sfr/kernels/next/quilt-tmp/.git/rebase-apply/patch:1171: new blank line at EOF.
+
warning: 1 line adds whitespace errors.
$ git am ../quilt/rr/misc:9p_disconnect_channel_when_pci_device_is_removed.patch
Applying: 9p: disconnect channel when PCI device is removed
$ git am ../quilt/rr/virtio:balloon_drop_restore_common.patch
Applying: virtio: balloon: drop restore_common()
$ git am ../quilt/rr/virtio:balloon_let_host_know_of_updated_balloon_size_before_module_removal.patch
Applying: virtio: balloon: let host know of updated balloon size before module removal
$ git am ../quilt/rr/virtio:balloon_separate_out_common_code_between_remove_and_freeze_functions.patch
Applying: virtio: balloon: separate out common code between remove and freeze functions
$ git am ../quilt/rr/virtio:use_ida_to_allocate_index.patch
Applying: virtio: Use ida to allocate virtio index
$ git am ../quilt/rr/virtio:blk_fix_hot_unplug_race_in_remove_method.patch
Applying: virtio-blk: Fix hot-unplug race in remove method
$ git am ../quilt/rr/virtio:blk_drop_unused_request_tracking_list.patch
Applying: virtio_blk: Drop unused request tracking list
$ git am ../quilt/rr/virtio:console_tell_host_of_open_ports_after_resume_from_s3_s4.patch
Applying: virtio: console: tell host of open ports after resume from s3/s4
$ git am ../quilt/rr/virtio:mmio_devices_parameter_parsing.patch
Applying: virtio-mmio: Devices parameter parsing
$ git am ../quilt/rr/misc:modpost_stop_grab_file_from_leaking_filedescriptors_if_fstat_fails.patch
Applying: modpost: Stop grab_file() from leaking filedescriptors if fstat() fails
$ git am ../quilt/rr/misc:modpost_use_proper_kernel_style_for_autogenerated_files.patch
Applying: modpost: use proper kernel style for autogenerated files
$ git am ../quilt/rr/lglock-simplify.patch
Applying: lglock: remove online variants of lock
$ git am ../quilt/rr/misc:cpumask_fix_lg_lock_br_lock-1.patch
Applying: brlocks/lglocks: API cleanups
$ git am ../quilt/rr/misc:cpumask_fix_lg_lock_br_lock-2.patch
Applying: brlocks/lglocks: turn into functions
$ cd ../next
$ git fetch -f ../quilt-tmp master:quilt/rr
From ../quilt-tmp
 + dfc4771...c23124c master     -> quilt/rr  (forced update)
Importing device-mapper based on v3.4-rc6
Unchanged quilt series device-mapper
