Importing hexagon based on v3.2-rc2
Unchanged quilt series hexagon
Importing i2c based on ce5afed937f0a823d3b00c9459409c3f5f2fbd5d
Unchanged quilt series i2c
Importing jdelvare-hwmon based on 3.3-rc4
$ git clone -s -l -n -q . ../quilt-tmp
$ cd ../quilt-tmp
$ git reset --hard b01543dfe67bb1d191998e90d20534dc354de059
HEAD is now at b01543d Linux 3.3-rc4
$ git am ../quilt/jdelvare-hwmon/hwmon-fam15h_power-01-correct-sign-extension-of-running_avg_capture.patch
Applying: hwmon: (fam15h_power) Correct sign extension of running_avg_capture
$ git am ../quilt/jdelvare-hwmon/hwmon-fam15h_power-02-increase-output-resolution.patch
Applying: hwmon: (fam15h_power) Increase output resolution
$ git am ../quilt/jdelvare-hwmon/hwmon-w83795-01-show-standard-pwm-attr.patch
Applying: hwmon: (w83795) Unconditionally support manual fan speed control
$ git am ../quilt/jdelvare-hwmon/hwmon-w83795-02-fix-multi-line-comments.patch
Applying: hwmon: (w83795) Fix multi-line comments
$ git am ../quilt/jdelvare-hwmon/hwmon-lm90-01-fix-multi-line-comments.patch
Applying: hwmon: (lm90) Fix multi-line comments
$ git am ../quilt/jdelvare-hwmon/hwmon-lm90-02-add-support-for-GMT-G781.patch
Applying: hwmon: (lm90) Add support for GMT G781
$ git am ../quilt/jdelvare-hwmon/hwmon-lm63-01-rename-new_client.patch
Applying: hwmon: (lm63) Reorganize the code
$ git am ../quilt/jdelvare-hwmon/hwmon-lm63-02-make-fan-speed-control-strategy-changeable.patch
Applying: hwmon: (lm63) Make fan speed control strategy changeable
$ git am ../quilt/jdelvare-hwmon/hwmon-lm63-03-allow-editing-lut.patch
Applying: hwmon: (lm63) Let the user adjust the lookup table
$ git am ../quilt/jdelvare-hwmon/hwmon-mc13783-adc-01-remove-space-before-tab.patch
Applying: hwmon: (mc13783-adc) Remove space before tab
$ git am ../quilt/jdelvare-hwmon/hwmon-mc13783-adc-02-add-support-for-the-mc13892-pmic.patch
Applying: hwmon: (mc13xxx-adc) Add support for the MC13892 PMIC
$ git am ../quilt/jdelvare-hwmon/hwmon-add-mcp3021-adc-driver.patch
Applying: hwmon: Add MCP3021 ADC driver
$ cd ../next
$ git fetch -f ../quilt-tmp master:quilt/jdelvare-hwmon
From ../quilt-tmp
 + 127e71e...0cac3d6 master     -> quilt/jdelvare-hwmon  (forced update)
Importing kernel-doc based on 3.3-rc2
Unchanged quilt series kernel-doc
Importing rr based on v3.3-rc3-273-gc38e234
Unchanged quilt series rr
Importing device-mapper based on v3.3-rc3
$ cd ../quilt-tmp
$ git reset --hard d65b4e98d7ea3038b767b70fe8be959b2913f16d
HEAD is now at d65b4e9 Linux 3.3-rc3
$ git am ../quilt/device-mapper/dm-ioctl-do-not-leak-argv-if-target-message-only-contains-whitespace.patch
Applying: If 'argc' is zero we jump to the 'out:' label, but this leaks the
$ git am ../quilt/device-mapper/dm-io-fix-discard-support.patch
Applying: This patch adds support for discard request to dm_io interface.
$ git am ../quilt/device-mapper/dm-raid-set-MD_CHANGE_DEVS-when-rebuilding.patch
Applying: The 'rebuild' parameter is used to rebuild individual devices in an
$ git am ../quilt/device-mapper/dm-raid-handle-failed-devices-during-start-up.patch
Applying: The code fails to create a RAID array if any of the superblocks cannot be read.
$ git am ../quilt/device-mapper/dm-thin-metadata-remove-incorrect-close_device-on-creation-error-paths.patch
Applying: The __open_device() error paths in __create_thin() and __create_snap()
$ git am ../quilt/device-mapper/dm-thin-metadata-unlock-superblock-in-init_pmd-error-path.patch
Applying: If dm_sm_disk_create() fails the superblock must be unlocked.
$ git am ../quilt/device-mapper/dm-thin-metadata-decrement-counter-after-removing-mapped-block.patch
Applying: Correct the number of mapped sectors shown on a thin device's
$ git am ../quilt/device-mapper/dm-reject-trailing-characters-in-sccanf-input.patch
Applying: Device mapper uses sscanf to convert arguments to numbers. The problem is that
$ git am ../quilt/device-mapper/dm-document-sysfs-entries.patch
Applying: Describe attributes provided by device-mapper in /sys/block.
$ git am ../quilt/device-mapper/dm-mpath-clear-map_context-when-requeueing.patch
Applying: When requeuing a request,  clear the map_context pointer to ensure we
$ git am ../quilt/device-mapper/dm-persistent-data-remove-redundant-value_size-arg-from-value_ptr.patch
Applying: Now that the value_size is held within every node of the btrees we can
$ git am ../quilt/device-mapper/dm-bufio-remove-version-header.patch
Applying: As 'make versioncheck' points out, drivers/md/dm-bufio.c has no need
$ git am ../quilt/device-mapper/dm-thin-commit-outstanding-date-every-second.patch
Applying: Commit unwritten data every second to prevent too much building up.
$ cd ../next
$ git fetch -f ../quilt-tmp master:quilt/device-mapper
From ../quilt-tmp
 + 1e5f0da...78df462 master     -> quilt/device-mapper  (forced update)
